Archive member included to satisfy reference by file (symbol)

/usr/lib/gcc/arm-none-eabi/12.2.0/../../../../arm-none-eabi/lib/thumb/v6-m/nofp/librdimon_nano.a(rdimon-syscalls.o)
                              /usr/lib/gcc/arm-none-eabi/12.2.0/../../../../arm-none-eabi/lib/thumb/v6-m/nofp/rdimon-crt0.o (initialise_monitor_handles)
/usr/lib/gcc/arm-none-eabi/12.2.0/../../../../arm-none-eabi/lib/thumb/v6-m/nofp/libc_nano.a(lib_a-atexit.o)
                              /usr/lib/gcc/arm-none-eabi/12.2.0/../../../../arm-none-eabi/lib/thumb/v6-m/nofp/rdimon-crt0.o (atexit)
/usr/lib/gcc/arm-none-eabi/12.2.0/../../../../arm-none-eabi/lib/thumb/v6-m/nofp/libc_nano.a(lib_a-errno.o)
                              /usr/lib/gcc/arm-none-eabi/12.2.0/../../../../arm-none-eabi/lib/thumb/v6-m/nofp/librdimon_nano.a(rdimon-syscalls.o) (__errno)
/usr/lib/gcc/arm-none-eabi/12.2.0/../../../../arm-none-eabi/lib/thumb/v6-m/nofp/libc_nano.a(lib_a-exit.o)
                              /usr/lib/gcc/arm-none-eabi/12.2.0/../../../../arm-none-eabi/lib/thumb/v6-m/nofp/rdimon-crt0.o (exit)
/usr/lib/gcc/arm-none-eabi/12.2.0/../../../../arm-none-eabi/lib/thumb/v6-m/nofp/libc_nano.a(lib_a-findfp.o)
                              /usr/lib/gcc/arm-none-eabi/12.2.0/../../../../arm-none-eabi/lib/thumb/v6-m/nofp/librdimon_nano.a(rdimon-syscalls.o) (__sinit)
/usr/lib/gcc/arm-none-eabi/12.2.0/../../../../arm-none-eabi/lib/thumb/v6-m/nofp/libc_nano.a(lib_a-fini.o)
                              /usr/lib/gcc/arm-none-eabi/12.2.0/../../../../arm-none-eabi/lib/thumb/v6-m/nofp/rdimon-crt0.o (__libc_fini_array)
/usr/lib/gcc/arm-none-eabi/12.2.0/../../../../arm-none-eabi/lib/thumb/v6-m/nofp/libc_nano.a(lib_a-fwalk.o)
                              /usr/lib/gcc/arm-none-eabi/12.2.0/../../../../arm-none-eabi/lib/thumb/v6-m/nofp/libc_nano.a(lib_a-findfp.o) (_fwalk)
/usr/lib/gcc/arm-none-eabi/12.2.0/../../../../arm-none-eabi/lib/thumb/v6-m/nofp/libc_nano.a(lib_a-impure.o)
                              /usr/lib/gcc/arm-none-eabi/12.2.0/../../../../arm-none-eabi/lib/thumb/v6-m/nofp/libc_nano.a(lib_a-exit.o) (_global_impure_ptr)
/usr/lib/gcc/arm-none-eabi/12.2.0/../../../../arm-none-eabi/lib/thumb/v6-m/nofp/libc_nano.a(lib_a-init.o)
                              /usr/lib/gcc/arm-none-eabi/12.2.0/../../../../arm-none-eabi/lib/thumb/v6-m/nofp/rdimon-crt0.o (__libc_init_array)
/usr/lib/gcc/arm-none-eabi/12.2.0/../../../../arm-none-eabi/lib/thumb/v6-m/nofp/libc_nano.a(lib_a-lock.o)
                              /usr/lib/gcc/arm-none-eabi/12.2.0/../../../../arm-none-eabi/lib/thumb/v6-m/nofp/libc_nano.a(lib_a-findfp.o) (__retarget_lock_init_recursive)
/usr/lib/gcc/arm-none-eabi/12.2.0/../../../../arm-none-eabi/lib/thumb/v6-m/nofp/libc_nano.a(lib_a-memset.o)
                              /usr/lib/gcc/arm-none-eabi/12.2.0/../../../../arm-none-eabi/lib/thumb/v6-m/nofp/rdimon-crt0.o (memset)
/usr/lib/gcc/arm-none-eabi/12.2.0/../../../../arm-none-eabi/lib/thumb/v6-m/nofp/libc_nano.a(lib_a-nano-mallocr.o)
                              /usr/lib/gcc/arm-none-eabi/12.2.0/../../../../arm-none-eabi/lib/thumb/v6-m/nofp/libc_nano.a(lib_a-findfp.o) (_malloc_r)
/usr/lib/gcc/arm-none-eabi/12.2.0/../../../../arm-none-eabi/lib/thumb/v6-m/nofp/libc_nano.a(lib_a-sbrkr.o)
                              /usr/lib/gcc/arm-none-eabi/12.2.0/../../../../arm-none-eabi/lib/thumb/v6-m/nofp/libc_nano.a(lib_a-nano-mallocr.o) (_sbrk_r)
/usr/lib/gcc/arm-none-eabi/12.2.0/../../../../arm-none-eabi/lib/thumb/v6-m/nofp/libc_nano.a(lib_a-stdio.o)
                              /usr/lib/gcc/arm-none-eabi/12.2.0/../../../../arm-none-eabi/lib/thumb/v6-m/nofp/libc_nano.a(lib_a-findfp.o) (__sread)
/usr/lib/gcc/arm-none-eabi/12.2.0/../../../../arm-none-eabi/lib/thumb/v6-m/nofp/libc_nano.a(lib_a-strlen.o)
                              /usr/lib/gcc/arm-none-eabi/12.2.0/../../../../arm-none-eabi/lib/thumb/v6-m/nofp/librdimon_nano.a(rdimon-syscalls.o) (strlen)
/usr/lib/gcc/arm-none-eabi/12.2.0/../../../../arm-none-eabi/lib/thumb/v6-m/nofp/libc_nano.a(lib_a-writer.o)
                              /usr/lib/gcc/arm-none-eabi/12.2.0/../../../../arm-none-eabi/lib/thumb/v6-m/nofp/libc_nano.a(lib_a-stdio.o) (_write_r)
/usr/lib/gcc/arm-none-eabi/12.2.0/../../../../arm-none-eabi/lib/thumb/v6-m/nofp/libc_nano.a(lib_a-__atexit.o)
                              /usr/lib/gcc/arm-none-eabi/12.2.0/../../../../arm-none-eabi/lib/thumb/v6-m/nofp/libc_nano.a(lib_a-atexit.o) (__register_exitproc)
/usr/lib/gcc/arm-none-eabi/12.2.0/../../../../arm-none-eabi/lib/thumb/v6-m/nofp/libc_nano.a(lib_a-__call_atexit.o)
                              /usr/lib/gcc/arm-none-eabi/12.2.0/../../../../arm-none-eabi/lib/thumb/v6-m/nofp/libc_nano.a(lib_a-__atexit.o) (__call_exitprocs)
/usr/lib/gcc/arm-none-eabi/12.2.0/../../../../arm-none-eabi/lib/thumb/v6-m/nofp/libc_nano.a(lib_a-closer.o)
                              /usr/lib/gcc/arm-none-eabi/12.2.0/../../../../arm-none-eabi/lib/thumb/v6-m/nofp/libc_nano.a(lib_a-stdio.o) (_close_r)
[...]
Memory Configuration

Name             Origin             Length             Attributes
FLASH            0x0000000000000000 0x0000000000011000 xr
RAM              0x0000000020000000 0x0000000000002000 xrw
*default*        0x0000000000000000 0xffffffffffffffff

Linker script and memory map

LOAD /usr/lib/gcc/arm-none-eabi/12.2.0/thumb/v6-m/nofp/crti.o
LOAD /usr/lib/gcc/arm-none-eabi/12.2.0/thumb/v6-m/nofp/crtbegin.o
LOAD /usr/lib/gcc/arm-none-eabi/12.2.0/../../../../arm-none-eabi/lib/thumb/v6-m/nofp/rdimon-crt0.o
LOAD /usr/lib/gcc/arm-none-eabi/12.2.0/../../../../arm-none-eabi/lib/thumb/v6-m/nofp/librdimon_nano.a
LOAD /usr/lib/gcc/arm-none-eabi/12.2.0/../../../../arm-none-eabi/lib/thumb/v6-m/nofp/libc_nano.a
LOAD /usr/lib/gcc/arm-none-eabi/12.2.0/thumb/v6-m/nofp/libgcc.a
LOAD ./build/obj/adc.o
LOAD ./build/obj/can.o
LOAD ./build/obj/clk.o
LOAD ./build/obj/fmc.o
LOAD ./build/obj/gpio.o
LOAD ./build/obj/i2c.o
LOAD ./build/obj/pwm.o
LOAD ./build/obj/spi.o
LOAD ./build/obj/sys.o
LOAD ./build/obj/timer.o
LOAD ./build/obj/uart.o
LOAD ./build/obj/wdt.o
LOAD ./build/obj/wwdt.o
LOAD ./build/obj/main.o
LOAD ./build/obj/system_NUC1311.o
LOAD ./build/obj/startup_NUC1311.o
START GROUP
LOAD /usr/lib/gcc/arm-none-eabi/12.2.0/thumb/v6-m/nofp/libgcc.a
LOAD /usr/lib/gcc/arm-none-eabi/12.2.0/../../../../arm-none-eabi/lib/thumb/v6-m/nofp/libg_nano.a
LOAD /usr/lib/gcc/arm-none-eabi/12.2.0/../../../../arm-none-eabi/lib/thumb/v6-m/nofp/libc_nano.a
END GROUP
START GROUP
LOAD /usr/lib/gcc/arm-none-eabi/12.2.0/thumb/v6-m/nofp/libgcc.a
LOAD /usr/lib/gcc/arm-none-eabi/12.2.0/../../../../arm-none-eabi/lib/thumb/v6-m/nofp/libc_nano.a
LOAD /usr/lib/gcc/arm-none-eabi/12.2.0/../../../../arm-none-eabi/lib/thumb/v6-m/nofp/librdimon_nano.a
END GROUP
START GROUP
LOAD /usr/lib/gcc/arm-none-eabi/12.2.0/thumb/v6-m/nofp/libgcc.a
LOAD /usr/lib/gcc/arm-none-eabi/12.2.0/../../../../arm-none-eabi/lib/thumb/v6-m/nofp/libc_nano.a
LOAD /usr/lib/gcc/arm-none-eabi/12.2.0/../../../../arm-none-eabi/lib/thumb/v6-m/nofp/librdimon_nano.a
END GROUP
LOAD /usr/lib/gcc/arm-none-eabi/12.2.0/thumb/v6-m/nofp/crtend.o
LOAD /usr/lib/gcc/arm-none-eabi/12.2.0/thumb/v6-m/nofp/crtn.o
START GROUP
LOAD /usr/lib/gcc/arm-none-eabi/12.2.0/thumb/v6-m/nofp/libgcc.a
LOAD /usr/lib/gcc/arm-none-eabi/12.2.0/../../../../arm-none-eabi/lib/thumb/v6-m/nofp/libc.a
LOAD /usr/lib/gcc/arm-none-eabi/12.2.0/../../../../arm-none-eabi/lib/thumb/v6-m/nofp/libm.a
LOAD /usr/lib/gcc/arm-none-eabi/12.2.0/../../../../arm-none-eabi/lib/thumb/v6-m/nofp/libnosys.a
END GROUP

.text           0x0000000000000000      0xbec
 *(.vectors)
 .vectors       0x0000000000000000       0xc0 ./build/obj/startup_NUC1311.o
                0x0000000000000000                __Vectors
                0x00000000000000c0                __Vectors_End = .
                0x00000000000000c0                __Vectors_Size = (__Vectors_End - __Vectors)
                0x0000000020000050                __end__ = .
 *(.text*)
 .text.__do_global_dtors_aux
                0x00000000000000c0       0x28 /usr/lib/gcc/arm-none-eabi/12.2.0/thumb/v6-m/nofp/crtbegin.o
 .text.frame_dummy
                0x00000000000000e8       0x20 /usr/lib/gcc/arm-none-eabi/12.2.0/thumb/v6-m/nofp/crtbegin.o
 .text.CLK_GetPLLClockFreq
                0x0000000000000108       0xa0 ./build/obj/clk.o
 .text.CLK_SetCoreClock
                0x00000000000001a8       0xc4 ./build/obj/clk.o
                0x00000000000001a8                CLK_SetCoreClock
 .text.CLK_SetHCLK
                0x000000000000026c       0x80 ./build/obj/clk.o
                0x000000000000026c                CLK_SetHCLK
 .text.CLK_SetModuleClock
                0x00000000000002ec       0xc0 ./build/obj/clk.o
                0x00000000000002ec                CLK_SetModuleClock
 .text.CLK_SetSysTickClockSrc
                0x00000000000003ac       0x28 ./build/obj/clk.o
                0x00000000000003ac                CLK_SetSysTickClockSrc
 .text.CLK_EnableXtalRC
                0x00000000000003d4       0x20 ./build/obj/clk.o
                0x00000000000003d4                CLK_EnableXtalRC
 .text.CLK_EnableModuleClock
                0x00000000000003f4       0x5c ./build/obj/clk.o
                0x00000000000003f4                CLK_EnableModuleClock
 .text.CLK_EnablePLL
                0x0000000000000450      0x1dc ./build/obj/clk.o
                0x0000000000000450                CLK_EnablePLL
 .text.CLK_WaitClockReady
                0x000000000000062c       0x3c ./build/obj/clk.o
                0x000000000000062c                CLK_WaitClockReady
 .text.GPIO_SetMode
                0x0000000000000668       0x5a ./build/obj/gpio.o
                0x0000000000000668                GPIO_SetMode
 .text.TIMER_Open
                0x00000000000006c2       0x82 ./build/obj/timer.o
                0x00000000000006c2                TIMER_Open
 .text.TIMER_GetModuleClock
                0x0000000000000744       0xa0 ./build/obj/timer.o
                0x0000000000000744                TIMER_GetModuleClock
 .text.NVIC_EnableIRQ
                0x00000000000007e4       0x2c ./build/obj/main.o
 .text.SYS_UnlockReg
                0x0000000000000810       0x40 ./build/obj/main.o
 .text.TIMER_Start
                0x0000000000000850       0x1e ./build/obj/main.o
 .text.TIMER_EnableInt
                0x000000000000086e       0x1e ./build/obj/main.o
 .text.TIMER_GetIntFlag
                0x000000000000088c       0x1e ./build/obj/main.o
 .text.TIMER_ClearIntFlag
                0x00000000000008aa       0x16 ./build/obj/main.o
 .text.TMR0_IRQHandler
                0x00000000000008c0       0x34 ./build/obj/main.o
                0x00000000000008c0                TMR0_IRQHandler
 .text.SYS_Init
                0x00000000000008f4       0x5c ./build/obj/main.o
                0x00000000000008f4                SYS_Init
 .text.main     0x0000000000000950       0x44 ./build/obj/main.o
                0x0000000000000950                main
 .text.CLK_GetPLLClockFreq
                0x0000000000000994       0xa0 ./build/obj/system_NUC1311.o
 .text.SystemCoreClockUpdate
                0x0000000000000a34       0x8c ./build/obj/system_NUC1311.o
                0x0000000000000a34                SystemCoreClockUpdate
 .text.SystemInit
                0x0000000000000ac0        0xa ./build/obj/system_NUC1311.o
                0x0000000000000ac0                SystemInit
 *fill*         0x0000000000000aca        0x2 
 .text          0x0000000000000acc       0x34 ./build/obj/startup_NUC1311.o
                0x0000000000000acc                Reset_Handler
                0x0000000000000af4                BRAKE0_IRQHandler
                0x0000000000000af4                I2C0_IRQHandler
                0x0000000000000af4                HardFault_Handler
                0x0000000000000af4                SysTick_Handler
                0x0000000000000af4                PWM1_IRQHandler
                0x0000000000000af4                PendSV_Handler
                0x0000000000000af4                NMI_Handler
                0x0000000000000af4                I2C1_IRQHandler
                0x0000000000000af4                UART1_IRQHandler
                0x0000000000000af4                CAN1_IRQHandler
                0x0000000000000af4                CKD_IRQHandler
                0x0000000000000af4                BRAKE1_IRQHandler
                0x0000000000000af4                RTC_IRQHandler
                0x0000000000000af4                PWRWU_IRQHandler
                0x0000000000000af4                UART5_IRQHandler
                0x0000000000000af4                EINT1_IRQHandler
                0x0000000000000af4                UART4_IRQHandler
                0x0000000000000af4                Default_Handler
                0x0000000000000af4                ADC_IRQHandler
                0x0000000000000af4                TMR2_IRQHandler
                0x0000000000000af4                BOD_IRQHandler
                0x0000000000000af4                UART02_IRQHandler
                0x0000000000000af4                WDT_IRQHandler
                0x0000000000000af4                SVC_Handler
                0x0000000000000af4                GPAB_IRQHandler
                0x0000000000000af4                EINT0_IRQHandler
                0x0000000000000af4                PWM0_IRQHandler
                0x0000000000000af4                CAN0_IRQHandler
                0x0000000000000af4                TMR3_IRQHandler
                0x0000000000000af4                GPCDEF_IRQHandler
                0x0000000000000af4                SPI0_IRQHandler
                0x0000000000000af4                UART3_IRQHandler
                0x0000000000000af4                TMR1_IRQHandler
 .text          0x0000000000000b00       0x8c /usr/lib/gcc/arm-none-eabi/12.2.0/thumb/v6-m/nofp/libgcc.a(_udivsi3.o)
                0x0000000000000b00                __udivsi3
                0x0000000000000b00                __aeabi_uidiv
                0x0000000000000b78                __aeabi_uidivmod
 .text          0x0000000000000b8c        0x4 /usr/lib/gcc/arm-none-eabi/12.2.0/thumb/v6-m/nofp/libgcc.a(_dvmd_tls.o)
                0x0000000000000b8c                __aeabi_ldiv0
                0x0000000000000b8c                __aeabi_idiv0
 *(.init)
 .init          0x0000000000000b90        0x4 /usr/lib/gcc/arm-none-eabi/12.2.0/thumb/v6-m/nofp/crti.o
                0x0000000000000b90                _init
 .init          0x0000000000000b94        0x8 /usr/lib/gcc/arm-none-eabi/12.2.0/thumb/v6-m/nofp/crtn.o
 *(.fini)
 .fini          0x0000000000000b9c        0x4 /usr/lib/gcc/arm-none-eabi/12.2.0/thumb/v6-m/nofp/crti.o
                0x0000000000000b9c                _fini
 .fini          0x0000000000000ba0        0x8 /usr/lib/gcc/arm-none-eabi/12.2.0/thumb/v6-m/nofp/crtn.o
 *crtbegin.o(.ctors)
 *crtbegin?.o(.ctors)
 *(EXCLUDE_FILE(*crtend.o *crtend?.o) .ctors)
 *(SORT_BY_NAME(.ctors.*))
 *(.ctors)
 *crtbegin.o(.dtors)
 *crtbegin?.o(.dtors)
 *(EXCLUDE_FILE(*crtend.o *crtend?.o) .dtors)
 *(SORT_BY_NAME(.dtors.*))
 *(.dtors)
 *(.rodata*)
 .rodata        0x0000000000000ba8       0x20 ./build/obj/clk.o
 .rodata        0x0000000000000bc8       0x20 ./build/obj/timer.o
 *(.eh_frame*)
 .eh_frame      0x0000000000000be8        0x0 /usr/lib/gcc/arm-none-eabi/12.2.0/thumb/v6-m/nofp/crtbegin.o
 .eh_frame      0x0000000000000be8        0x4 /usr/lib/gcc/arm-none-eabi/12.2.0/thumb/v6-m/nofp/crtend.o

.glue_7         0x0000000000000bec        0x0
 .glue_7        0x0000000000000bec        0x0 linker stubs

.glue_7t        0x0000000000000bec        0x0
 .glue_7t       0x0000000000000bec        0x0 linker stubs

.vfp11_veneer   0x0000000000000bec        0x0
 .vfp11_veneer  0x0000000000000bec        0x0 linker stubs

.v4_bx          0x0000000000000bec        0x0
 .v4_bx         0x0000000000000bec        0x0 linker stubs

.iplt           0x0000000000000bec        0x0
 .iplt          0x0000000000000bec        0x0 /usr/lib/gcc/arm-none-eabi/12.2.0/thumb/v6-m/nofp/crtbegin.o

.rel.dyn        0x0000000000000bec        0x0
 .rel.iplt      0x0000000000000bec        0x0 /usr/lib/gcc/arm-none-eabi/12.2.0/thumb/v6-m/nofp/crtbegin.o

.ARM.extab
 *(.ARM.extab* .gnu.linkonce.armextab.*)
                0x0000000000000bec                __exidx_start = .

.ARM.exidx
 *(.ARM.exidx* .gnu.linkonce.armexidx.*)
                0x0000000000000bec                __exidx_end = .
                0x0000000000000bec                __etext = .

.data           0x0000000020000000       0x34 load address 0x0000000000000bec
                0x0000000020000000                __data_start__ = .
 *(vtable)
 *(.data*)
 .data.SystemCoreClock
                0x0000000020000000        0x4 ./build/obj/system_NUC1311.o
                0x0000000020000000                SystemCoreClock
 .data.CyclesPerUs
                0x0000000020000004        0x4 ./build/obj/system_NUC1311.o
                0x0000000020000004                CyclesPerUs
 .data.PllClock
                0x0000000020000008        0x4 ./build/obj/system_NUC1311.o
                0x0000000020000008                PllClock
 .data.gau32ClkSrcTbl
                0x000000002000000c       0x20 ./build/obj/system_NUC1311.o
                0x000000002000000c                gau32ClkSrcTbl
                0x000000002000002c                . = ALIGN (0x4)
                0x000000002000002c                PROVIDE (__preinit_array_start = .)
 *(.preinit_array)
                0x000000002000002c                PROVIDE (__preinit_array_end = .)
                0x000000002000002c                . = ALIGN (0x4)
                0x000000002000002c                PROVIDE (__init_array_start = .)
 *(SORT_BY_NAME(.init_array.*))
 *(.init_array)
 .init_array    0x000000002000002c        0x4 /usr/lib/gcc/arm-none-eabi/12.2.0/thumb/v6-m/nofp/crtbegin.o
                0x0000000020000030                PROVIDE (__init_array_end = .)
                0x0000000020000030                . = ALIGN (0x4)
                0x0000000020000030                PROVIDE (__fini_array_start = .)
 *(SORT_BY_NAME(.fini_array.*))
 *(.fini_array)
 .fini_array    0x0000000020000030        0x4 /usr/lib/gcc/arm-none-eabi/12.2.0/thumb/v6-m/nofp/crtbegin.o
                0x0000000020000034                PROVIDE (__fini_array_end = .)
 *(.jcr*)
                0x0000000020000034                . = ALIGN (0x4)
                0x0000000020000034                __data_end__ = .

.igot.plt       0x0000000020000034        0x0 load address 0x0000000000000c20
 .igot.plt      0x0000000020000034        0x0 /usr/lib/gcc/arm-none-eabi/12.2.0/thumb/v6-m/nofp/crtbegin.o

.bss            0x0000000020000034       0x1c load address 0x0000000000000c20
                0x0000000020000034                . = ALIGN (0x4)
                0x0000000020000034                __bss_start__ = .
 *(.bss*)
 .bss.completed.1
                0x0000000020000034        0x1 /usr/lib/gcc/arm-none-eabi/12.2.0/thumb/v6-m/nofp/crtbegin.o
 *fill*         0x0000000020000035        0x3 
 .bss.object.0  0x0000000020000038       0x18 /usr/lib/gcc/arm-none-eabi/12.2.0/thumb/v6-m/nofp/crtbegin.o
 *(COMMON)
                0x0000000020000050                . = ALIGN (0x4)
                0x0000000020000050                __bss_end__ = .

.heap           0x0000000020000050      0x100
                0x0000000020000050                __HeapBase = .
                0x0000000020000050                __end__ = .
                0x0000000020000050                end = __end__
 *(.heap*)
 .heap          0x0000000020000050      0x100 ./build/obj/startup_NUC1311.o
                0x0000000020000150                __HeapLimit = .

.stack_dummy    0x0000000020000050      0x400
 *(.stack*)
 .stack         0x0000000020000050      0x400 ./build/obj/startup_NUC1311.o
                0x0000000020002000                __StackTop = (ORIGIN (RAM) + LENGTH (RAM))
                0x0000000020001c00                __StackLimit = (__StackTop - SIZEOF (.stack_dummy))
                0x0000000020002000                PROVIDE (__stack = __StackTop)
                0x0000000000000001                ASSERT ((__StackLimit >= __HeapLimit), region RAM overflowed with stack)
OUTPUT(build/main.elf elf32-littlearm)
LOAD linker stubs

.ARM.attributes
                0x0000000000000000       0x28
 .ARM.attributes
                0x0000000000000000       0x1e /usr/lib/gcc/arm-none-eabi/12.2.0/thumb/v6-m/nofp/crti.o
 .ARM.attributes
                0x000000000000001e       0x2c /usr/lib/gcc/arm-none-eabi/12.2.0/thumb/v6-m/nofp/crtbegin.o
 .ARM.attributes
                0x000000000000004a       0x2c ./build/obj/clk.o
 .ARM.attributes
                0x0000000000000076       0x2c ./build/obj/gpio.o
 .ARM.attributes
                0x00000000000000a2       0x2c ./build/obj/timer.o
 .ARM.attributes
                0x00000000000000ce       0x2c ./build/obj/main.o
 .ARM.attributes
                0x00000000000000fa       0x2c ./build/obj/system_NUC1311.o
 .ARM.attributes
                0x0000000000000126       0x1b ./build/obj/startup_NUC1311.o
 .ARM.attributes
                0x0000000000000141       0x1e /usr/lib/gcc/arm-none-eabi/12.2.0/thumb/v6-m/nofp/libgcc.a(_udivsi3.o)
 .ARM.attributes
                0x000000000000015f       0x1e /usr/lib/gcc/arm-none-eabi/12.2.0/thumb/v6-m/nofp/libgcc.a(_dvmd_tls.o)
 .ARM.attributes
                0x000000000000017d       0x2c /usr/lib/gcc/arm-none-eabi/12.2.0/thumb/v6-m/nofp/crtend.o
 .ARM.attributes
                0x00000000000001a9       0x1e /usr/lib/gcc/arm-none-eabi/12.2.0/thumb/v6-m/nofp/crtn.o

.comment        0x0000000000000000       0x1e
 .comment       0x0000000000000000       0x1e ./build/obj/clk.o
                                         0x1f (size before relaxing)
 .comment       0x000000000000001e       0x1f ./build/obj/gpio.o
 .comment       0x000000000000001e       0x1f ./build/obj/timer.o
 .comment       0x000000000000001e       0x1f ./build/obj/main.o
 .comment       0x000000000000001e       0x1f ./build/obj/system_NUC1311.o

.debug_frame    0x0000000000000000       0x20
 .debug_frame   0x0000000000000000       0x20 /usr/lib/gcc/arm-none-eabi/12.2.0/thumb/v6-m/nofp/libgcc.a(_udivsi3.o)

.debug_line     0x0000000000000000       0xab
 .debug_line    0x0000000000000000       0x61 /usr/lib/gcc/arm-none-eabi/12.2.0/thumb/v6-m/nofp/libgcc.a(_udivsi3.o)
 .debug_line    0x0000000000000061       0x4a /usr/lib/gcc/arm-none-eabi/12.2.0/thumb/v6-m/nofp/libgcc.a(_dvmd_tls.o)

.debug_line_str
                0x0000000000000000       0x92
 .debug_line_str
                0x0000000000000000       0x92 /usr/lib/gcc/arm-none-eabi/12.2.0/thumb/v6-m/nofp/libgcc.a(_udivsi3.o)
 .debug_line_str
                0x0000000000000092       0x92 /usr/lib/gcc/arm-none-eabi/12.2.0/thumb/v6-m/nofp/libgcc.a(_dvmd_tls.o)

.debug_info     0x0000000000000000       0x7d
 .debug_info    0x0000000000000000       0x44 /usr/lib/gcc/arm-none-eabi/12.2.0/thumb/v6-m/nofp/libgcc.a(_udivsi3.o)
 .debug_info    0x0000000000000044       0x39 /usr/lib/gcc/arm-none-eabi/12.2.0/thumb/v6-m/nofp/libgcc.a(_dvmd_tls.o)

.debug_abbrev   0x0000000000000000       0x40
 .debug_abbrev  0x0000000000000000       0x21 /usr/lib/gcc/arm-none-eabi/12.2.0/thumb/v6-m/nofp/libgcc.a(_udivsi3.o)
 .debug_abbrev  0x0000000000000021       0x1f /usr/lib/gcc/arm-none-eabi/12.2.0/thumb/v6-m/nofp/libgcc.a(_dvmd_tls.o)

.debug_aranges  0x0000000000000000       0x40
 .debug_aranges
                0x0000000000000000       0x20 /usr/lib/gcc/arm-none-eabi/12.2.0/thumb/v6-m/nofp/libgcc.a(_udivsi3.o)
 .debug_aranges
                0x0000000000000020       0x20 /usr/lib/gcc/arm-none-eabi/12.2.0/thumb/v6-m/nofp/libgcc.a(_dvmd_tls.o)

.debug_str      0x0000000000000000       0xe3
 .debug_str     0x0000000000000000       0xc7 /usr/lib/gcc/arm-none-eabi/12.2.0/thumb/v6-m/nofp/libgcc.a(_udivsi3.o)
 .debug_str     0x00000000000000c7       0x1c /usr/lib/gcc/arm-none-eabi/12.2.0/thumb/v6-m/nofp/libgcc.a(_dvmd_tls.o)
                                         0xba (size before relaxing)
